<?xml version="1.0" encoding="UTF-8"?>
<urlset xmlns="http://www.google.com/schemas/sitemap-video/1.1" xmlns:video="https://www.google.com/schemas/sitemap-video/1.1/sitemap-video.xsd">
<loc>http://animasci.com/loc1</loc>
<video:video>
	<video:thumbnail_loc>testlocation</video:thumbnail_loc>
	<video:title>testtitle</video:title>
</video:video>
<video:video/>
</urlset>