

<!doctype html>
<html>


<head>
</head>
<body>

 
<div class="navigation">

<a class=part href="/fake-portlets/path 1">label 1</a>

<a class=part href="/fake-portlets/path 2">label 2</a>

<div class=logo>Awesome News Portal</div>
</div>
<div class=menu>
	

 
<div class="portlet stocks">
<label>Get stale market stocks at FauxJSP</label>

<div class=stock>
<div>
<span class=symbol>S1</span>

 

<span class="change positive">% +25000</span>


<span class=price>0.01 &euro;</span>
</div>
<a class=stockname href="stocks?id=S1">
Stock one
</a>
</div>

<div class=stock>
<div>
<span class=symbol>S2</span>

 

<span class="change positive">% +10000</span>


<span class=price>-0.02 &euro;</span>
</div>
<a class=stockname href="stocks?id=S2">
Stock two
</a>
</div>

<div class=stock>
<div>
<span class=symbol>S3</span>

 

<span class="change positive">% +9999</span>


<span class=price>0.12 &euro;</span>
</div>
<a class=stockname href="stocks?id=S3">
Stock3
</a>
</div>

</div>
	
 
<div class="portlet newslist">
<label>News</label>

<div class=news>
<a href="news?id=1" class=headline>+++headline 1</a>
<div class=description>description 1</div>
</div>

<div class=news>
<a href="news?id=2" class=headline>headline 2</a>
<div class=description>description 2</div>
</div>

</div>
</div>
<div class=main>

<p>This is the content of the main page. We are free to do whatever JSP allows us to do here:</p>
<ul>
<li>HTML</li>
<li>Images</li>
<li>Javascript</li>
</ul>
<p>
The content of this box (with the dashed border) will change as you navigate around. The content of the stocks and news boxes (on the right) will stay the same.
Also, the navigation box (top) will stay but its content will change.
</p>

 
<div class="portlet newslist">
<label>News</label>

<div class=news>
<a href="news?id=1" class=headline>+++headline 1</a>
<div class=description>description 1</div>
</div>

<div class=news>
<a href="news?id=2" class=headline>headline 2</a>
<div class=description>description 2</div>
</div>

</div>


 
<div class="portlet stocks">
<label>Get stale market stocks at FauxJSP</label>

<div class=stock>
<div>
<span class=symbol>S1</span>

 

<span class="change positive">% +25000</span>


<span class=price>0.01 &euro;</span>
</div>
<a class=stockname href="stocks?id=S1">
Stock one
</a>
</div>

<div class=stock>
<div>
<span class=symbol>S2</span>

 

<span class="change positive">% +10000</span>


<span class=price>-0.02 &euro;</span>
</div>
<a class=stockname href="stocks?id=S2">
Stock two
</a>
</div>

<div class=stock>
<div>
<span class=symbol>S3</span>

 

<span class="change positive">% +9999</span>


<span class=price>0.12 &euro;</span>
</div>
<a class=stockname href="stocks?id=S3">
Stock3
</a>
</div>

</div>
<p>The current date is 2010-9-23</p>

</div>
</body>
</html>
